\BOOKMARK [1][-]{section.1}{\376\377\000E\000x\000e\000c\000u\000t\000i\000v\000e\000\040\000S\000u\000m\000m\000a\000r\000y}{}% 1
\BOOKMARK [1][-]{section.2}{\376\377\000A\000b\000o\000u\000t\000\040\000S\000p\000i\000n\000n\000y}{}% 2
\BOOKMARK [1][-]{section.3}{\376\377\000B\000a\000s\000i\000c\000s\000\040\000o\000f\000\040\000O\000p\000t\000i\000o\000n\000s}{}% 3
\BOOKMARK [2][-]{subsection.3.1}{\376\377\000V\000a\000n\000i\000l\000l\000a\000\040\000O\000p\000t\000i\000o\000n\000s}{section.3}% 4
\BOOKMARK [2][-]{subsection.3.2}{\376\377\000R\000e\000a\000l\000\040\000O\000p\000t\000i\000o\000n\000s}{section.3}% 5
\BOOKMARK [1][-]{section.4}{\376\377\000S\000p\000i\000n\000n\000y\000'\000s\000\040\000B\000u\000y\000b\000a\000c\000k\000\040\000O\000f\000f\000e\000r}{}% 6
\BOOKMARK [2][-]{subsection.4.1}{\376\377\000M\000e\000c\000h\000a\000n\000i\000c\000s\000\040\000o\000f\000\040\000t\000h\000e\000\040\000O\000f\000f\000e\000r}{section.4}% 7
\BOOKMARK [2][-]{subsection.4.2}{\376\377\000M\000a\000p\000p\000i\000n\000g\000\040\000t\000o\000\040\000S\000t\000a\000n\000d\000a\000r\000d\000\040\000O\000p\000t\000i\000o\000n\000\040\000P\000a\000r\000a\000m\000e\000t\000e\000r\000s}{section.4}% 8
\BOOKMARK [2][-]{subsection.4.3}{\376\377\000I\000d\000e\000n\000t\000i\000f\000y\000i\000n\000g\000\040\000t\000h\000e\000\040\000O\000p\000t\000i\000o\000n\000\040\000T\000y\000p\000e}{section.4}% 9
\BOOKMARK [2][-]{subsection.4.4}{\376\377\000O\000p\000t\000i\000o\000n\000\040\000P\000a\000r\000a\000m\000e\000t\000e\000r\000s\000\040\000f\000o\000r\000\040\000O\000u\000r\000\040\000A\000n\000a\000l\000y\000s\000i\000s}{section.4}% 10
\BOOKMARK [1][-]{section.5}{\376\377\000P\000r\000i\000c\000i\000n\000g\000\040\000S\000p\000i\000n\000n\000y\000'\000s\000\040\000B\000u\000y\000b\000a\000c\000k\000\040\000O\000p\000t\000i\000o\000n}{}% 11
\BOOKMARK [2][-]{subsection.5.1}{\376\377\000P\000r\000i\000c\000i\000n\000g\000\040\000U\000s\000i\000n\000g\000\040\000F\000u\000n\000d\000a\000m\000e\000n\000t\000a\000l\000s}{section.5}% 12
\BOOKMARK [2][-]{subsection.5.2}{\376\377\000P\000r\000i\000c\000i\000n\000g\000\040\000b\000y\000\040\000B\000i\000n\000o\000m\000i\000a\000l\000\040\000M\000o\000d\000e\000l\000\040\000\050\000S\000t\000a\000n\000d\000a\000r\000d\000\051}{section.5}% 13
\BOOKMARK [3][-]{subsubsection.5.2.1}{\376\377\000M\000o\000d\000e\000l\000\040\000S\000e\000t\000u\000p}{subsection.5.2}% 14
\BOOKMARK [3][-]{subsubsection.5.2.2}{\376\377\000S\000t\000a\000n\000d\000a\000r\000d\000\040\000B\000i\000n\000o\000m\000i\000a\000l\000\040\000R\000e\000s\000u\000l\000t}{subsection.5.2}% 15
\BOOKMARK [2][-]{subsection.5.3}{\376\377\000P\000r\000i\000c\000i\000n\000g\000\040\000b\000y\000\040\000B\000i\000n\000o\000m\000i\000a\000l\000\040\000M\000o\000d\000e\000l\000\040\000w\000i\000t\000h\000\040\000D\000e\000t\000e\000r\000m\000i\000n\000i\000s\000t\000i\000c\000\040\000D\000e\000p\000r\000e\000c\000i\000a\000t\000i\000o\000n}{section.5}% 16
\BOOKMARK [3][-]{subsubsection.5.3.1}{\376\377\000M\000o\000d\000i\000f\000i\000e\000d\000\040\000S\000t\000o\000c\000k\000\040\000P\000r\000i\000c\000e\000\040\000T\000r\000e\000e}{subsection.5.3}% 17
\BOOKMARK [3][-]{subsubsection.5.3.2}{\376\377\000S\000e\000n\000s\000i\000t\000i\000v\000i\000t\000y\000\040\000A\000n\000a\000l\000y\000s\000i\000s\000:\000\040\000H\000e\000a\000t\000m\000a\000p}{subsection.5.3}% 18
\BOOKMARK [3][-]{subsubsection.5.3.3}{\376\377\000B\000i\000n\000o\000m\000i\000a\000l\000\040\000T\000r\000e\000e\000\040\000V\000i\000s\000u\000a\000l\000i\000s\000a\000t\000i\000o\000n}{subsection.5.3}% 19
\BOOKMARK [2][-]{subsection.5.4}{\376\377\000P\000r\000i\000c\000i\000n\000g\000\040\000b\000y\000\040\000B\000l\000a\000c\000k\000-\000S\000c\000h\000o\000l\000e\000s\000-\000M\000e\000r\000t\000o\000n\000\040\000F\000o\000r\000m\000u\000l\000a\000\040\000\050\000S\000t\000a\000n\000d\000a\000r\000d\000\051}{section.5}% 20
\BOOKMARK [3][-]{subsubsection.5.4.1}{\376\377\000T\000h\000e\000\040\000B\000S\000M\000\040\000P\000u\000t\000\040\000F\000o\000r\000m\000u\000l\000a}{subsection.5.4}% 21
\BOOKMARK [3][-]{subsubsection.5.4.2}{\376\377\000B\000S\000M\000\040\000H\000e\000a\000t\000m\000a\000p\000\040\000\050\000N\000o\000\040\000D\000e\000p\000r\000e\000c\000i\000a\000t\000i\000o\000n\000\051}{subsection.5.4}% 22
\BOOKMARK [2][-]{subsection.5.5}{\376\377\000P\000r\000i\000c\000i\000n\000g\000\040\000b\000y\000\040\000B\000l\000a\000c\000k\000-\000S\000c\000h\000o\000l\000e\000s\000-\000M\000e\000r\000t\000o\000n\000\040\000w\000i\000t\000h\000\040\000D\000e\000p\000r\000e\000c\000i\000a\000t\000i\000o\000n}{section.5}% 23
\BOOKMARK [3][-]{subsubsection.5.5.1}{\376\377\000C\000o\000n\000v\000e\000r\000t\000i\000n\000g\000\040\000D\000e\000p\000r\000e\000c\000i\000a\000t\000i\000o\000n\000\040\000t\000o\000\040\000a\000\040\000C\000o\000n\000t\000i\000n\000u\000o\000u\000s\000\040\000R\000a\000t\000e}{subsection.5.5}% 24
\BOOKMARK [3][-]{subsubsection.5.5.2}{\376\377\000M\000o\000d\000i\000f\000i\000e\000d\000\040\000B\000S\000M\000\040\000P\000u\000t\000\040\000F\000o\000r\000m\000u\000l\000a}{subsection.5.5}% 25
\BOOKMARK [3][-]{subsubsection.5.5.3}{\376\377\000B\000S\000M\000\040\000w\000i\000t\000h\000\040\000D\000e\000p\000r\000e\000c\000i\000a\000t\000i\000o\000n\000:\000\040\000H\000e\000a\000t\000m\000a\000p}{subsection.5.5}% 26
\BOOKMARK [2][-]{subsection.5.6}{\376\377\000B\000u\000y\000b\000a\000c\000k\000\040\000O\000p\000t\000i\000o\000n\000\040\000a\000s\000\040\000a\000\040\000R\000i\000g\000h\000t\000\040\000t\000o\000\040\000A\000b\000a\000n\000d\000o\000n}{section.5}% 27
\BOOKMARK [2][-]{subsection.5.7}{\376\377\000C\000o\000n\000s\000o\000l\000i\000d\000a\000t\000i\000n\000g\000\040\000t\000h\000e\000\040\000P\000r\000i\000c\000i\000n\000g}{section.5}% 28
\BOOKMARK [1][-]{section.6}{\376\377\000C\000o\000n\000c\000l\000u\000s\000i\000o\000n}{}% 29
\BOOKMARK [1][-]{section.7}{\376\377\000A\000c\000k\000n\000o\000w\000l\000e\000d\000g\000e\000m\000e\000n\000t\000s}{}% 30
\BOOKMARK [1][-]{section.8}{\376\377\000C\000o\000d\000e\000,\000\040\000D\000a\000t\000a\000,\000\040\000a\000n\000d\000\040\000O\000t\000h\000e\000r\000\040\000R\000e\000s\000o\000u\000r\000c\000e\000s}{}% 31
